---
http_interactions:
- request:
    method: post
    uri: https://sns.ap-northeast-1.amazonaws.com/
    body:
      encoding: UTF-8
      string: Action=CreateTopic&Name=7126ba19-e0e1-41f1-8946-4c5368763ddb&Version=2010-03-31
    headers:
      Accept-Encoding:
      - ''
      User-Agent:
      - aws-sdk-ruby3/3.131.1 ruby/3.0.2 arm64-darwin21 aws-sdk-sns/1.53.0
      Content-Type:
      - application/x-www-form-urlencoded; charset=utf-8
      Host:
      - sns.ap-northeast-1.amazonaws.com
      X-Amz-Date:
      - 20220608T163454Z
      X-Amz-Content-Sha256:
      - f2d9e53bde33609401ed1313e50bf981f94d6114bdd59fd394156035d5668d5e
      Authorization:
      - AWS4-HMAC-SHA256 <ACCESS_TOKEN> SignedHeaders=content-type;host;x-amz-content-sha256;x-amz-date,
        Signature=fbf0b2165f44f9d4c5ab2b460fccfa42915277428fcdef57b321a788065d9b49
      Content-Length:
      - '79'
      Accept:
      - "*/*"
  response:
    status:
      code: 200
      message: OK
    headers:
      X-Amzn-Requestid:
      - 6f7dc1d2-a030-5fe8-a459-9ac871de32b5
      Content-Type:
      - text/xml
      Content-Length:
      - '348'
      Date:
      - Wed, 08 Jun 2022 16:34:54 GMT
    body:
      encoding: UTF-8
      string: |
        <CreateTopicResponse xmlns="http://sns.amazonaws.com/doc/2010-03-31/">
          <CreateTopicResult>
            <TopicArn><AWS_TOPIC_ARN></TopicArn>
          </CreateTopicResult>
          <ResponseMetadata>
            <RequestId>6f7dc1d2-a030-5fe8-a459-9ac871de32b5</RequestId>
          </ResponseMetadata>
        </CreateTopicResponse>
  recorded_at: Wed, 08 Jun 2022 16:34:54 GMT
- request:
    method: post
    uri: https://www.googleapis.com/oauth2/v4/token?client_id=<GOOGLE_CLIENT_ID>&client_secret=<GOOGLE_CLIENT_SECRET>&grant_type=refresh_token&refresh_token=<REFRESH_TOKEN>
    body:
      encoding: UTF-8
      string: ''
    headers:
      Accept:
      - application/json
      Connection:
      - close
      Host:
      - www.googleapis.com
      User-Agent:
      - http.rb/5.0.4
  response:
    status:
      code: 200
      message: OK
    headers:
      Cache-Control:
      - no-cache, no-store, max-age=0, must-revalidate
      Pragma:
      - no-cache
      Date:
      - Wed, 08 Jun 2022 16:34:54 GMT
      Expires:
      - Mon, 01 Jan 1990 00:00:00 GMT
      Content-Type:
      - application/json; charset=utf-8
      Vary:
      - Origin,Accept-Encoding
      - Referer
      - X-Origin
      Server:
      - scaffolding on HTTPServer2
      X-Xss-Protection:
      - '0'
      X-Frame-Options:
      - SAMEORIGIN
      X-Content-Type-Options:
      - nosniff
      Alt-Svc:
      - h3=":443"; ma=2592000,h3-29=":443"; ma=2592000,h3-Q050=":443"; ma=2592000,h3-Q046=":443";
        ma=2592000,h3-Q043=":443"; ma=2592000,quic=":443"; ma=2592000; v="46,43"
      Accept-Ranges:
      - none
      Connection:
      - close
      Transfer-Encoding:
      - chunked
    body:
      encoding: UTF-8
      string: |-
        {
          "access_token": "<ACCESS_TOKEN>",
          "expires_in": 3599,
          "scope": "https://www.googleapis.com/auth/userinfo.profile openid https://www.googleapis.com/auth/drive https://www.googleapis.com/auth/spreadsheets https://www.googleapis.com/auth/calendar https://www.googleapis.com/auth/userinfo.email",
          "token_type": "Bearer",
          "id_token": "eyJhbGciOiJSUzI1NiIsImtpZCI6Ijc0ODNhMDg4ZDRmZmMwMDYwOWYwZTIyZjNjMjJkYTVmZTM5MDZjY2MiLCJ0eXAiOiJKV1QifQ.eyJpc3MiOiJodHRwczovL2FjY291bnRzLmdvb2dsZS5jb20iLCJhenAiOiI0NzQ4ODY1MDM1NzgtY2diaDZydTR1bnYzY2s0dml1cDI0cm0wa3JiZzA2ZDAuYXBwcy5nb29nbGV1c2VyY29udGVudC5jb20iLCJhdWQiOiI0NzQ4ODY1MDM1NzgtY2diaDZydTR1bnYzY2s0dml1cDI0cm0wa3JiZzA2ZDAuYXBwcy5nb29nbGV1c2VyY29udGVudC5jb20iLCJzdWIiOiIxMTY3MjMwMjY0OTY5MDQwNTE5NzgiLCJlbWFpbCI6ImNoZWNraGlnaC5hcHBAZ21haWwuY29tIiwiZW1haWxfdmVyaWZpZWQiOnRydWUsImF0X2hhc2giOiJNT2FHTGdmc3NWUlB0RHVNZHBJLTRRIiwiaWF0IjoxNjU0NzA2MDk0LCJleHAiOjE2NTQ3MDk2OTR9.aLKZ5iIj2zr6xIoBxdo0Ca_KgaCmsuWUXpR1pWT5EhQ-kfhbdKxWj9vMEP5JzxLXWMhnJCOMcm71YRpIEUiqc6GmcI3kbm8Hk6i6YIvBDZw2qIWrLCpSa9YqPrWVMU92edo2CWSIFeZ3WPiEMFdGUlHMxncckoeTUtI9-DJ8us6gmLVTmPKQRp9ZySnwHOu0SLHtIonoDUnHZ41XbK9JAmm9UOWUpI5LSNwKgN3mTUFJAncM-_CeIoltgrrsMOlsggJKlfKfvRevNJ_jrAa90j-zrqMEYu9X70PMLrZ9Dilps6Y8n9l1KvsFULZkjDAFiFVaOKX4qtiKq8Bq2o5lsQ"
        }
  recorded_at: Wed, 08 Jun 2022 16:34:54 GMT
- request:
    method: post
    uri: https://www.googleapis.com/drive/v3/files/<SAMPLE_FILE_ID>/copy?access_token=<ACCESS_TOKEN>
    body:
      encoding: UTF-8
      string: "{}"
    headers:
      Authorization:
      - Bearer <ACCESS_TOKEN>
      Connection:
      - close
      Content-Type:
      - application/json; charset=UTF-8
      Host:
      - www.googleapis.com
      User-Agent:
      - http.rb/5.0.4
  response:
    status:
      code: 200
      message: OK
    headers:
      Cache-Control:
      - no-cache, no-store, max-age=0, must-revalidate
      Pragma:
      - no-cache
      Expires:
      - Mon, 01 Jan 1990 00:00:00 GMT
      Date:
      - Wed, 08 Jun 2022 16:34:56 GMT
      Vary:
      - Origin,Accept-Encoding
      - X-Origin
      Content-Type:
      - application/json; charset=UTF-8
      X-Content-Type-Options:
      - nosniff
      X-Frame-Options:
      - SAMEORIGIN
      Content-Security-Policy:
      - frame-ancestors 'self'
      X-Xss-Protection:
      - 1; mode=block
      Server:
      - GSE
      Alt-Svc:
      - h3=":443"; ma=2592000,h3-29=":443"; ma=2592000,h3-Q050=":443"; ma=2592000,h3-Q046=":443";
        ma=2592000,h3-Q043=":443"; ma=2592000,quic=":443"; ma=2592000; v="46,43"
      Accept-Ranges:
      - none
      Connection:
      - close
      Transfer-Encoding:
      - chunked
    body:
      encoding: UTF-8
      string: |
        {
         "kind": "drive#file",
         "id": "1wATo9nZRBrT4G3hRmkJ4Px1zQHa7Ni658nEsuNIX5lU",
         "name": "sample survey 的副本",
         "mimeType": "application/vnd.google-apps.spreadsheet"
        }
  recorded_at: Wed, 08 Jun 2022 16:34:56 GMT
- request:
    method: post
    uri: https://www.googleapis.com/drive/v2/files/1wATo9nZRBrT4G3hRmkJ4Px1zQHa7Ni658nEsuNIX5lU/permissions?access_token=<ACCESS_TOKEN>&sendNotificationEmails=false
    body:
      encoding: UTF-8
      string: '{"role":"writer","type":"user","value":"moonbear.survey.test@gmail.com"}'
    headers:
      Connection:
      - close
      Content-Type:
      - application/json; charset=UTF-8
      Host:
      - www.googleapis.com
      User-Agent:
      - http.rb/5.0.4
  response:
    status:
      code: 200
      message: OK
    headers:
      Cache-Control:
      - no-cache, no-store, max-age=0, must-revalidate
      Pragma:
      - no-cache
      Expires:
      - Mon, 01 Jan 1990 00:00:00 GMT
      Date:
      - Wed, 08 Jun 2022 16:34:59 GMT
      Vary:
      - Origin,Accept-Encoding
      - X-Origin
      Content-Type:
      - application/json; charset=UTF-8
      X-Content-Type-Options:
      - nosniff
      X-Frame-Options:
      - SAMEORIGIN
      Content-Security-Policy:
      - frame-ancestors 'self'
      X-Xss-Protection:
      - 1; mode=block
      Server:
      - GSE
      Alt-Svc:
      - h3=":443"; ma=2592000,h3-29=":443"; ma=2592000,h3-Q050=":443"; ma=2592000,h3-Q046=":443";
        ma=2592000,h3-Q043=":443"; ma=2592000,quic=":443"; ma=2592000; v="46,43"
      Accept-Ranges:
      - none
      Connection:
      - close
      Transfer-Encoding:
      - chunked
    body:
      encoding: UTF-8
      string: |
        {
         "kind": "drive#permission",
         "etag": "\"7mfs0t0z1OOu1QMlLMW5mX6w0Gk\"",
         "id": "02675581687761162384",
         "selfLink": "https://www.googleapis.com/drive/v2/files/1wATo9nZRBrT4G3hRmkJ4Px1zQHa7Ni658nEsuNIX5lU/permissions/02675581687761162384",
         "name": "SurveyMoonbear Test",
         "emailAddress": "moonbear.survey.test@gmail.com",
         "domain": "gmail.com",
         "role": "writer",
         "type": "user",
         "photoLink": "https://lh3.googleusercontent.com/a/default-user=s64",
         "deleted": false,
         "pendingOwner": false
        }
  recorded_at: Wed, 08 Jun 2022 16:34:59 GMT
- request:
    method: post
    uri: https://www.googleapis.com/drive/v3/files/1wATo9nZRBrT4G3hRmkJ4Px1zQHa7Ni658nEsuNIX5lU/permissions
    body:
      encoding: UTF-8
      string: '{"role":"reader","type":"anyone"}'
    headers:
      Authorization:
      - Bearer <ACCESS_TOKEN>
      Connection:
      - close
      Content-Type:
      - application/json; charset=UTF-8
      Host:
      - www.googleapis.com
      User-Agent:
      - http.rb/5.0.4
  response:
    status:
      code: 200
      message: OK
    headers:
      Cache-Control:
      - no-cache, no-store, max-age=0, must-revalidate
      Pragma:
      - no-cache
      Expires:
      - Mon, 01 Jan 1990 00:00:00 GMT
      Date:
      - Wed, 08 Jun 2022 16:35:00 GMT
      Vary:
      - Origin,Accept-Encoding
      - X-Origin
      Content-Type:
      - application/json; charset=UTF-8
      X-Content-Type-Options:
      - nosniff
      X-Frame-Options:
      - SAMEORIGIN
      Content-Security-Policy:
      - frame-ancestors 'self'
      X-Xss-Protection:
      - 1; mode=block
      Server:
      - GSE
      Alt-Svc:
      - h3=":443"; ma=2592000,h3-29=":443"; ma=2592000,h3-Q050=":443"; ma=2592000,h3-Q046=":443";
        ma=2592000,h3-Q043=":443"; ma=2592000,quic=":443"; ma=2592000; v="46,43"
      Accept-Ranges:
      - none
      Connection:
      - close
      Transfer-Encoding:
      - chunked
    body:
      encoding: UTF-8
      string: |
        {
         "kind": "drive#permission",
         "id": "anyoneWithLink",
         "type": "anyone",
         "role": "reader",
         "allowFileDiscovery": false
        }
  recorded_at: Wed, 08 Jun 2022 16:35:00 GMT
- request:
    method: post
    uri: https://sheets.googleapis.com/v4/spreadsheets/1wATo9nZRBrT4G3hRmkJ4Px1zQHa7Ni658nEsuNIX5lU:batchUpdate
    body:
      encoding: UTF-8
      string: '{"requests":[{"updateSpreadsheetProperties":{"properties":{"title":"Survey
        for Testing Delete Notification"},"fields":"title"}}]}'
    headers:
      Authorization:
      - Bearer <ACCESS_TOKEN>
      Connection:
      - close
      Content-Type:
      - application/json; charset=UTF-8
      Host:
      - sheets.googleapis.com
      User-Agent:
      - http.rb/5.0.4
  response:
    status:
      code: 200
      message: OK
    headers:
      Content-Type:
      - application/json; charset=UTF-8
      Vary:
      - Origin,Accept-Encoding
      - Referer
      - X-Origin
      Date:
      - Wed, 08 Jun 2022 16:35:01 GMT
      Server:
      - ESF
      Cache-Control:
      - private
      X-Xss-Protection:
      - '0'
      X-Frame-Options:
      - SAMEORIGIN
      X-Content-Type-Options:
      - nosniff
      Alt-Svc:
      - h3=":443"; ma=2592000,h3-29=":443"; ma=2592000,h3-Q050=":443"; ma=2592000,h3-Q046=":443";
        ma=2592000,h3-Q043=":443"; ma=2592000,quic=":443"; ma=2592000; v="46,43"
      Accept-Ranges:
      - none
      Connection:
      - close
      Transfer-Encoding:
      - chunked
    body:
      encoding: UTF-8
      string: |
        {
          "spreadsheetId": "1wATo9nZRBrT4G3hRmkJ4Px1zQHa7Ni658nEsuNIX5lU",
          "replies": [
            {}
          ]
        }
  recorded_at: Wed, 08 Jun 2022 16:35:01 GMT
- request:
    method: get
    uri: https://sheets.googleapis.com/v4/spreadsheets/1wATo9nZRBrT4G3hRmkJ4Px1zQHa7Ni658nEsuNIX5lU
    body:
      encoding: UTF-8
      string: ''
    headers:
      Authorization:
      - Bearer <ACCESS_TOKEN>
      Connection:
      - close
      Host:
      - sheets.googleapis.com
      User-Agent:
      - http.rb/5.0.4
  response:
    status:
      code: 200
      message: OK
    headers:
      Content-Type:
      - application/json; charset=UTF-8
      Vary:
      - Origin,Accept-Encoding
      - Referer
      - X-Origin
      Date:
      - Wed, 08 Jun 2022 16:35:01 GMT
      Server:
      - ESF
      Cache-Control:
      - private
      X-Xss-Protection:
      - '0'
      X-Frame-Options:
      - SAMEORIGIN
      X-Content-Type-Options:
      - nosniff
      Alt-Svc:
      - h3=":443"; ma=2592000,h3-29=":443"; ma=2592000,h3-Q050=":443"; ma=2592000,h3-Q046=":443";
        ma=2592000,h3-Q043=":443"; ma=2592000,quic=":443"; ma=2592000; v="46,43"
      Accept-Ranges:
      - none
      Connection:
      - close
      Transfer-Encoding:
      - chunked
    body:
      encoding: UTF-8
      string: |
        {
          "spreadsheetId": "1wATo9nZRBrT4G3hRmkJ4Px1zQHa7Ni658nEsuNIX5lU",
          "properties": {
            "title": "Survey for Testing Delete Notification",
            "locale": "zh_TW",
            "autoRecalc": "ON_CHANGE",
            "timeZone": "Asia/Shanghai",
            "defaultFormat": {
              "backgroundColor": {
                "red": 1,
                "green": 1,
                "blue": 1
              },
              "padding": {
                "top": 2,
                "right": 3,
                "bottom": 2,
                "left": 3
              },
              "verticalAlignment": "BOTTOM",
              "wrapStrategy": "OVERFLOW_CELL",
              "textFormat": {
                "foregroundColor": {},
                "fontFamily": "arial,sans,sans-serif",
                "fontSize": 10,
                "bold": false,
                "italic": false,
                "strikethrough": false,
                "underline": false,
                "foregroundColorStyle": {
                  "rgbColor": {}
                }
              },
              "backgroundColorStyle": {
                "rgbColor": {
                  "red": 1,
                  "green": 1,
                  "blue": 1
                }
              }
            }
          },
          "sheets": [
            {
              "properties": {
                "sheetId": 1041538561,
                "title": "page1",
                "index": 0,
                "sheetType": "GRID",
                "gridProperties": {
                  "rowCount": 999,
                  "columnCount": 26
                }
              },
              "conditionalFormats": [
                {
                  "ranges": [
                    {
                      "sheetId": 1041538561,
                      "startRowIndex": 1,
                      "endRowIndex": 12,
                      "startColumnIndex": 1,
                      "endColumnIndex": 2
                    },
                    {
                      "sheetId": 1041538561,
                      "startRowIndex": 12,
                      "endRowIndex": 16,
                      "startColumnIndex": 1,
                      "endColumnIndex": 2
                    }
                  ],
                  "booleanRule": {
                    "condition": {
                      "type": "CUSTOM_FORMULA",
                      "values": [
                        {
                          "userEnteredValue": "=REGEXMATCH(B2, \"\\W\")"
                        }
                      ]
                    },
                    "format": {
                      "backgroundColor": {
                        "red": 0.95686275,
                        "green": 0.78039217,
                        "blue": 0.7647059
                      },
                      "backgroundColorStyle": {
                        "rgbColor": {
                          "red": 0.95686275,
                          "green": 0.78039217,
                          "blue": 0.7647059
                        }
                      }
                    }
                  }
                }
              ]
            },
            {
              "properties": {
                "sheetId": 314856148,
                "title": "page2",
                "index": 1,
                "sheetType": "GRID",
                "gridProperties": {
                  "rowCount": 998,
                  "columnCount": 26
                }
              },
              "conditionalFormats": [
                {
                  "ranges": [
                    {
                      "sheetId": 314856148,
                      "startRowIndex": 1,
                      "endRowIndex": 11,
                      "startColumnIndex": 1,
                      "endColumnIndex": 2
                    },
                    {
                      "sheetId": 314856148,
                      "startRowIndex": 11,
                      "endRowIndex": 15,
                      "startColumnIndex": 1,
                      "endColumnIndex": 2
                    }
                  ],
                  "booleanRule": {
                    "condition": {
                      "type": "CUSTOM_FORMULA",
                      "values": [
                        {
                          "userEnteredValue": "=REGEXMATCH(B2, \"\\W\")"
                        }
                      ]
                    },
                    "format": {
                      "backgroundColor": {
                        "red": 0.95686275,
                        "green": 0.78039217,
                        "blue": 0.7647059
                      },
                      "backgroundColorStyle": {
                        "rgbColor": {
                          "red": 0.95686275,
                          "green": 0.78039217,
                          "blue": 0.7647059
                        }
                      }
                    }
                  }
                }
              ]
            },
            {
              "properties": {
                "sheetId": 275970921,
                "title": "page3",
                "index": 2,
                "sheetType": "GRID",
                "gridProperties": {
                  "rowCount": 1000,
                  "columnCount": 26
                }
              },
              "conditionalFormats": [
                {
                  "ranges": [
                    {
                      "sheetId": 275970921,
                      "startRowIndex": 1,
                      "endRowIndex": 11,
                      "startColumnIndex": 1,
                      "endColumnIndex": 2
                    },
                    {
                      "sheetId": 275970921,
                      "startRowIndex": 11,
                      "endRowIndex": 15,
                      "startColumnIndex": 1,
                      "endColumnIndex": 2
                    }
                  ],
                  "booleanRule": {
                    "condition": {
                      "type": "CUSTOM_FORMULA",
                      "values": [
                        {
                          "userEnteredValue": "=REGEXMATCH(B2, \"\\W\")"
                        }
                      ]
                    },
                    "format": {
                      "backgroundColor": {
                        "red": 0.95686275,
                        "green": 0.78039217,
                        "blue": 0.7647059
                      },
                      "backgroundColorStyle": {
                        "rgbColor": {
                          "red": 0.95686275,
                          "green": 0.78039217,
                          "blue": 0.7647059
                        }
                      }
                    }
                  }
                }
              ]
            }
          ],
          "spreadsheetUrl": "https://docs.google.com/spreadsheets/d/1wATo9nZRBrT4G3hRmkJ4Px1zQHa7Ni658nEsuNIX5lU/edit"
        }
  recorded_at: Wed, 08 Jun 2022 16:35:01 GMT
- request:
    method: get
    uri: https://sheets.googleapis.com/v4/spreadsheets/1wATo9nZRBrT4G3hRmkJ4Px1zQHa7Ni658nEsuNIX5lU/values/page1
    body:
      encoding: UTF-8
      string: ''
    headers:
      Authorization:
      - Bearer <ACCESS_TOKEN>
      Connection:
      - close
      Host:
      - sheets.googleapis.com
      User-Agent:
      - http.rb/5.0.4
  response:
    status:
      code: 200
      message: OK
    headers:
      Content-Type:
      - application/json; charset=UTF-8
      Vary:
      - Origin,Accept-Encoding
      - Referer
      - X-Origin
      Date:
      - Wed, 08 Jun 2022 16:35:01 GMT
      Server:
      - ESF
      Cache-Control:
      - private
      X-Xss-Protection:
      - '0'
      X-Frame-Options:
      - SAMEORIGIN
      X-Content-Type-Options:
      - nosniff
      Alt-Svc:
      - h3=":443"; ma=2592000,h3-29=":443"; ma=2592000,h3-Q050=":443"; ma=2592000,h3-Q046=":443";
        ma=2592000,h3-Q043=":443"; ma=2592000,quic=":443"; ma=2592000; v="46,43"
      Accept-Ranges:
      - none
      Connection:
      - close
      Transfer-Encoding:
      - chunked
    body:
      encoding: UTF-8
      string: |
        {
          "range": "page1!A1:Z999",
          "majorDimension": "ROWS",
          "values": [
            [
              "Type",
              "Name (should be unique)",
              "Description",
              "Required?(1:Yes, 0:No)",
              "Options",
              "Flow logic"
            ],
            [
              "Description",
              "survey_description",
              "Hi, everyone. This is a sample survey."
            ],
            [
              "Divider"
            ],
            [
              "Section Title",
              "title1",
              "Personal Information"
            ],
            [
              "Short answer",
              "username",
              "What's your name?",
              "0"
            ],
            [
              "Multiple choice (radio button)",
              "age_num",
              "How old are you?",
              "1",
              "10~20,21~25,26~30,31~35,36~40",
              "2,3,3,3,3"
            ],
            [
              "Paragraph Answer",
              "self_intro",
              "Self Introduction",
              "0"
            ],
            [
              "Multiple choice with 'other' (checkbox)",
              "social_website",
              "Which social media you have used?",
              "1",
              "Facebook,Instagram,Twitter,LINE,plurk,Google+,Snapchat"
            ],
            [
              "Section Title",
              "title2",
              "Rating Scale"
            ],
            [
              "Multiple choice grid (radio button)",
              "frequency",
              "I usually use social media.",
              "1",
              "strongly disagree,disagree,neutral,agree,strongly agree"
            ],
            [
              "Multiple choice grid (radio button)",
              "safisfaction",
              "I'm satisfied with using social media.",
              "1",
              "strongly disagree,disagree,neutral,agree,strongly agree"
            ],
            [
              "Multiple choice grid (radio button)",
              "needs",
              "I can't live without social media.",
              "1",
              "strongly disagree,disagree,neutral,agree,strongly agree"
            ],
            [
              "Jump to page"
            ]
          ]
        }
  recorded_at: Wed, 08 Jun 2022 16:35:01 GMT
- request:
    method: get
    uri: https://sheets.googleapis.com/v4/spreadsheets/1wATo9nZRBrT4G3hRmkJ4Px1zQHa7Ni658nEsuNIX5lU/values/page2
    body:
      encoding: UTF-8
      string: ''
    headers:
      Authorization:
      - Bearer <ACCESS_TOKEN>
      Connection:
      - close
      Host:
      - sheets.googleapis.com
      User-Agent:
      - http.rb/5.0.4
  response:
    status:
      code: 200
      message: OK
    headers:
      Content-Type:
      - application/json; charset=UTF-8
      Vary:
      - Origin,Accept-Encoding
      - Referer
      - X-Origin
      Date:
      - Wed, 08 Jun 2022 16:35:02 GMT
      Server:
      - ESF
      Cache-Control:
      - private
      X-Xss-Protection:
      - '0'
      X-Frame-Options:
      - SAMEORIGIN
      X-Content-Type-Options:
      - nosniff
      Alt-Svc:
      - h3=":443"; ma=2592000,h3-29=":443"; ma=2592000,h3-Q050=":443"; ma=2592000,h3-Q046=":443";
        ma=2592000,h3-Q043=":443"; ma=2592000,quic=":443"; ma=2592000; v="46,43"
      Accept-Ranges:
      - none
      Connection:
      - close
      Transfer-Encoding:
      - chunked
    body:
      encoding: UTF-8
      string: |
        {
          "range": "page2!A1:Z998",
          "majorDimension": "ROWS",
          "values": [
            [
              "Type",
              "Name",
              "Description",
              "Required?(1:Yes, 0:No)",
              "Options",
              "Flow logic"
            ],
            [
              "Section Title",
              "survey_title_2",
              "Hi {{username}}, this is a sample for survey page 2 "
            ],
            [
              "Description",
              "survey_desc_2",
              "(username is an embedded variable)"
            ]
          ]
        }
  recorded_at: Wed, 08 Jun 2022 16:35:02 GMT
- request:
    method: get
    uri: https://sheets.googleapis.com/v4/spreadsheets/1wATo9nZRBrT4G3hRmkJ4Px1zQHa7Ni658nEsuNIX5lU/values/page3
    body:
      encoding: UTF-8
      string: ''
    headers:
      Authorization:
      - Bearer <ACCESS_TOKEN>
      Connection:
      - close
      Host:
      - sheets.googleapis.com
      User-Agent:
      - http.rb/5.0.4
  response:
    status:
      code: 200
      message: OK
    headers:
      Content-Type:
      - application/json; charset=UTF-8
      Vary:
      - Origin,Accept-Encoding
      - Referer
      - X-Origin
      Date:
      - Wed, 08 Jun 2022 16:35:02 GMT
      Server:
      - ESF
      Cache-Control:
      - private
      X-Xss-Protection:
      - '0'
      X-Frame-Options:
      - SAMEORIGIN
      X-Content-Type-Options:
      - nosniff
      Alt-Svc:
      - h3=":443"; ma=2592000,h3-29=":443"; ma=2592000,h3-Q050=":443"; ma=2592000,h3-Q046=":443";
        ma=2592000,h3-Q043=":443"; ma=2592000,quic=":443"; ma=2592000; v="46,43"
      Accept-Ranges:
      - none
      Connection:
      - close
      Transfer-Encoding:
      - chunked
    body:
      encoding: UTF-8
      string: |
        {
          "range": "page3!A1:Z1000",
          "majorDimension": "ROWS",
          "values": [
            [
              "Type",
              "Name",
              "Description",
              "Required?(1:Yes, 0:No)",
              "Options",
              "Flow logic"
            ],
            [
              "Description",
              "survey_description_3",
              "This is a sample for survey page 3"
            ]
          ]
        }
  recorded_at: Wed, 08 Jun 2022 16:35:02 GMT
- request:
    method: post
    uri: https://www.googleapis.com/oauth2/v4/token?client_id=<GOOGLE_CLIENT_ID>&client_secret=<GOOGLE_CLIENT_SECRET>&grant_type=refresh_token&refresh_token=<REFRESH_TOKEN>
    body:
      encoding: UTF-8
      string: ''
    headers:
      Accept:
      - application/json
      Connection:
      - close
      Host:
      - www.googleapis.com
      User-Agent:
      - http.rb/5.0.4
  response:
    status:
      code: 200
      message: OK
    headers:
      Cache-Control:
      - no-cache, no-store, max-age=0, must-revalidate
      Pragma:
      - no-cache
      Expires:
      - Mon, 01 Jan 1990 00:00:00 GMT
      Date:
      - Wed, 08 Jun 2022 16:35:02 GMT
      Content-Type:
      - application/json; charset=utf-8
      Vary:
      - Origin,Accept-Encoding
      - Referer
      - X-Origin
      Server:
      - scaffolding on HTTPServer2
      X-Xss-Protection:
      - '0'
      X-Frame-Options:
      - SAMEORIGIN
      X-Content-Type-Options:
      - nosniff
      Alt-Svc:
      - h3=":443"; ma=2592000,h3-29=":443"; ma=2592000,h3-Q050=":443"; ma=2592000,h3-Q046=":443";
        ma=2592000,h3-Q043=":443"; ma=2592000,quic=":443"; ma=2592000; v="46,43"
      Accept-Ranges:
      - none
      Connection:
      - close
      Transfer-Encoding:
      - chunked
    body:
      encoding: UTF-8
      string: |-
        {
          "access_token": "<ACCESS_TOKEN>",
          "expires_in": 3599,
          "scope": "openid https://www.googleapis.com/auth/userinfo.email https://www.googleapis.com/auth/drive https://www.googleapis.com/auth/spreadsheets https://www.googleapis.com/auth/calendar https://www.googleapis.com/auth/userinfo.profile",
          "token_type": "Bearer",
          "id_token": "eyJhbGciOiJSUzI1NiIsImtpZCI6Ijc0ODNhMDg4ZDRmZmMwMDYwOWYwZTIyZjNjMjJkYTVmZTM5MDZjY2MiLCJ0eXAiOiJKV1QifQ.eyJpc3MiOiJodHRwczovL2FjY291bnRzLmdvb2dsZS5jb20iLCJhenAiOiI0NzQ4ODY1MDM1NzgtY2diaDZydTR1bnYzY2s0dml1cDI0cm0wa3JiZzA2ZDAuYXBwcy5nb29nbGV1c2VyY29udGVudC5jb20iLCJhdWQiOiI0NzQ4ODY1MDM1NzgtY2diaDZydTR1bnYzY2s0dml1cDI0cm0wa3JiZzA2ZDAuYXBwcy5nb29nbGV1c2VyY29udGVudC5jb20iLCJzdWIiOiIxMTY3MjMwMjY0OTY5MDQwNTE5NzgiLCJlbWFpbCI6ImNoZWNraGlnaC5hcHBAZ21haWwuY29tIiwiZW1haWxfdmVyaWZpZWQiOnRydWUsImF0X2hhc2giOiJNdlBQWF9sZ3Y1eHhQWHVUa0x4UkZBIiwiaWF0IjoxNjU0NzA2MTAyLCJleHAiOjE2NTQ3MDk3MDJ9.Ln6Sgh_NbakXxvaX-oE0HK2LaZyBLIWqb7-0YSDLkjH1RYaBTn6f3HY47Hq8dXWRGVEbaklEQb-OT6h9LIkgRSPqzJnbGD7t8Gf2TPTPQCLgIYh0YFP4IdY79G5SMLm8a6y7PpT4ZKUdc_OcXSlBEIwsdqfKMwdZGNs0EO7s72O4_h2vS0B85J8X5GEM64jLFtB8kcJWr5wZKDVsV291P9K2AX0T7AmEQcOHXISsJOpjSNB3K9IwmkmL4sOwYiOqo4AKaH1gU3JaVhc6Am8xWztToTY3AhdRHbDx19E7Zy62_drfTO8xeizL4PoZ8Za5y5coHSRF4N08JYiduhGfOA"
        }
  recorded_at: Wed, 08 Jun 2022 16:35:02 GMT
- request:
    method: delete
    uri: https://www.googleapis.com/drive/v2/files/1wATo9nZRBrT4G3hRmkJ4Px1zQHa7Ni658nEsuNIX5lU
    body:
      encoding: UTF-8
      string: ''
    headers:
      Authorization:
      - Bearer <ACCESS_TOKEN>
      Connection:
      - close
      Host:
      - www.googleapis.com
      User-Agent:
      - http.rb/5.0.4
  response:
    status:
      code: 204
      message: No Content
    headers:
      Cache-Control:
      - no-cache, no-store, max-age=0, must-revalidate
      Pragma:
      - no-cache
      Expires:
      - Mon, 01 Jan 1990 00:00:00 GMT
      Date:
      - Wed, 08 Jun 2022 16:35:03 GMT
      Etag:
      - '"vyGp6PvFo4RvsFtPoIWeCReyIC8"'
      Vary:
      - Origin
      - X-Origin
      Server:
      - GSE
      Alt-Svc:
      - h3=":443"; ma=2592000,h3-29=":443"; ma=2592000,h3-Q050=":443"; ma=2592000,h3-Q046=":443";
        ma=2592000,h3-Q043=":443"; ma=2592000,quic=":443"; ma=2592000; v="46,43"
      Connection:
      - close
    body:
      encoding: ASCII-8BIT
      string: ''
  recorded_at: Wed, 08 Jun 2022 16:35:03 GMT
- request:
    method: post
    uri: https://sns.ap-northeast-1.amazonaws.com/
    body:
      encoding: UTF-8
      string: Action=ListSubscriptionsByTopic&TopicArn=<AWS_TOPIC_ARN>&Version=2010-03-31
    headers:
      Accept-Encoding:
      - ''
      User-Agent:
      - aws-sdk-ruby3/3.131.1 ruby/3.0.2 arm64-darwin21 aws-sdk-sns/1.53.0
      Content-Type:
      - application/x-www-form-urlencoded; charset=utf-8
      Host:
      - sns.ap-northeast-1.amazonaws.com
      X-Amz-Date:
      - 20220608T163503Z
      X-Amz-Content-Sha256:
      - 8b2bea18c5c8dd7eb0ee8acd4239d457bd8ffe770e751272da2e360eca9fc134
      Authorization:
      - AWS4-HMAC-SHA256 <ACCESS_TOKEN> SignedHeaders=content-type;host;x-amz-content-sha256;x-amz-date,
        Signature=b81d6553bd56b2a35bf443b852b61deccf494162a9ce09e5d3f24e6fcc04b7dc
      Content-Length:
      - '146'
      Accept:
      - "*/*"
  response:
    status:
      code: 200
      message: OK
    headers:
      X-Amzn-Requestid:
      - dfc408d3-086c-5619-82c9-53c9d99b727a
      Content-Type:
      - text/xml
      Content-Length:
      - '319'
      Date:
      - Wed, 08 Jun 2022 16:35:03 GMT
    body:
      encoding: UTF-8
      string: |
        <ListSubscriptionsByTopicResponse xmlns="http://sns.amazonaws.com/doc/2010-03-31/">
          <ListSubscriptionsByTopicResult>
            <Subscriptions/>
          </ListSubscriptionsByTopicResult>
          <ResponseMetadata>
            <RequestId>dfc408d3-086c-5619-82c9-53c9d99b727a</RequestId>
          </ResponseMetadata>
        </ListSubscriptionsByTopicResponse>
  recorded_at: Wed, 08 Jun 2022 16:35:03 GMT
- request:
    method: post
    uri: https://sns.ap-northeast-1.amazonaws.com/
    body:
      encoding: UTF-8
      string: Action=DeleteTopic&TopicArn=<AWS_TOPIC_ARN>&Version=2010-03-31
    headers:
      Accept-Encoding:
      - ''
      User-Agent:
      - aws-sdk-ruby3/3.131.1 ruby/3.0.2 arm64-darwin21 aws-sdk-sns/1.53.0
      Content-Type:
      - application/x-www-form-urlencoded; charset=utf-8
      Host:
      - sns.ap-northeast-1.amazonaws.com
      X-Amz-Date:
      - 20220608T163503Z
      X-Amz-Content-Sha256:
      - 2c267145a639cdb5de884c567064a8997917d30971f37bd49a420f5d79c627bc
      Authorization:
      - AWS4-HMAC-SHA256 <ACCESS_TOKEN> SignedHeaders=content-type;host;x-amz-content-sha256;x-amz-date,
        Signature=6c557b406e79e230b3684437514edefe92f18a1ad1942d44413a7f3c580f3a18
      Content-Length:
      - '133'
      Accept:
      - "*/*"
  response:
    status:
      code: 200
      message: OK
    headers:
      X-Amzn-Requestid:
      - a313c3fa-fa42-57bc-b24f-98e02bb5d5d8
      Content-Type:
      - text/xml
      Content-Length:
      - '201'
      Date:
      - Wed, 08 Jun 2022 16:35:03 GMT
    body:
      encoding: UTF-8
      string: |
        <DeleteTopicResponse xmlns="http://sns.amazonaws.com/doc/2010-03-31/">
          <ResponseMetadata>
            <RequestId>a313c3fa-fa42-57bc-b24f-98e02bb5d5d8</RequestId>
          </ResponseMetadata>
        </DeleteTopicResponse>
  recorded_at: Wed, 08 Jun 2022 16:35:03 GMT
recorded_with: VCR 6.1.0
